// Jest Snapshot v1, https://goo.gl/fbAQLP

exports[`History component using RTL render snapshot 1`] = `
Array [
  <form
    className="m-3"
    onSubmit={[Function]}
  >
    <div
      className="row"
    >
      <div
        className="col-2"
      >
        <div>
          <div
            className="row"
          >
            <div
              className="col-3"
            >
              <label
                className="align-self-center me-2 w-50 text-end form-label"
                htmlFor="formMonth"
              >
                Month
              </label>
            </div>
            <div
              className="col"
            >
              <select
                className="form-select"
                id="formMonth"
                name="month"
                role="month-filter"
              >
                <option
                  value=""
                >
                  Select a month
                </option>
                <option
                  value={1}
                >
                  1
                </option>
                <option
                  value={2}
                >
                  2
                </option>
                <option
                  value={3}
                >
                  3
                </option>
                <option
                  value={4}
                >
                  4
                </option>
                <option
                  value={5}
                >
                  5
                </option>
                <option
                  value={6}
                >
                  6
                </option>
                <option
                  value={7}
                >
                  7
                </option>
                <option
                  value={8}
                >
                  8
                </option>
                <option
                  value={9}
                >
                  9
                </option>
                <option
                  value={10}
                >
                  10
                </option>
                <option
                  value={11}
                >
                  11
                </option>
                <option
                  value={12}
                >
                  12
                </option>
              </select>
            </div>
          </div>
        </div>
      </div>
      <div
        className="col-2"
      >
        <div>
          <div
            className="row"
          >
            <div
              className="col-3"
            >
              <label
                className="align-self-center me-2 w-50 text-end form-label"
                htmlFor="formYear"
              >
                Year
              </label>
            </div>
            <div
              className="col"
            >
              <select
                className="form-select"
                id="formYear"
                name="year"
                role="year-filter"
              >
                <option
                  value=""
                >
                  Select a year
                </option>
                <option
                  value={2022}
                >
                  2022
                </option>
                <option
                  value={2021}
                >
                  2021
                </option>
                <option
                  value={2020}
                >
                  2020
                </option>
              </select>
            </div>
          </div>
        </div>
      </div>
      <div
        className="col"
      >
        <div>
          <button
            className="btn btn-primary-library"
            disabled={false}
            type="submit"
          >
            Filter
          </button>
        </div>
      </div>
    </div>
  </form>,
  <div
    className="mt-5 text-center"
  >
    <h3>
      No book found!
    </h3>
  </div>,
]
`;
